12
2
3
4
5
6
7
8
9
10

1
2
2
3

1
2

121
123
23
212
223
